$TTL        3600
@       IN      SOA     ns1.example.com. admin.example.com. (
                        2026080105       ; serial, todays date + todays serial #
                        7200              ; refresh, seconds
                        540              ; retry, seconds
                        604800              ; expire, seconds
                        3600 )            ; minimum, seconds
;

@ 3600      NS         ns1.example.com.
@ 3600      TYPE257    \# 26 0009697373756577696C646C657473656E63727970742E6F7267
@ 3600      TYPE257    \# 22 000569737375656C657473656E63727970742E6F7267
